[2025-05-13 02:58:07,863.863] ERROR [281472960127008] - Form data requires "python-multipart" to be installed. 
You can install "python-multipart" with: 

pip install python-multipart

[2025-05-13 02:59:15,602.602] INFO [281473860259872] - Started server process [1]
[2025-05-13 02:59:15,603.603] INFO [281473860259872] - Waiting for application startup.
[2025-05-13 02:59:15,607.607] INFO [281473860259872] - Application startup complete.
[2025-05-13 02:59:15,610.610] INFO [281473860259872] - Uvicorn running on http://0.0.0.0:8081 (Press CTRL+C to quit)
[2025-05-13 02:59:47,441.441] INFO [281473860259872] - 192.168.65.1:53363 - "POST /compare HTTP/1.1" 500
[2025-05-13 02:59:47,442.442] ERROR [281473860259872] - Exception in ASGI application
Traceback (most recent call last):
  File "/usr/local/lib/python3.9/site-packages/uvicorn/protocols/http/h11_impl.py", line 403, in run_asgi
    result = await app(  # type: ignore[func-returns-value]
  File "/usr/local/lib/python3.9/site-packages/uvicorn/middleware/proxy_headers.py", line 60, in __call__
    return await self.app(scope, receive, send)
  File "/usr/local/lib/python3.9/site-packages/fastapi/applications.py", line 1054, in __call__
    await super().__call__(scope, receive, send)
  File "/usr/local/lib/python3.9/site-packages/starlette/applications.py", line 112, in __call__
    await self.middleware_stack(scope, receive, send)
  File "/usr/local/lib/python3.9/site-packages/starlette/middleware/errors.py", line 187, in __call__
    raise exc
  File "/usr/local/lib/python3.9/site-packages/starlette/middleware/errors.py", line 165, in __call__
    await self.app(scope, receive, _send)
  File "/usr/local/lib/python3.9/site-packages/starlette/middleware/exceptions.py", line 62, in __call__
    await wrap_app_handling_exceptions(self.app, conn)(scope, receive, send)
  File "/usr/local/lib/python3.9/site-packages/starlette/_exception_handler.py", line 53, in wrapped_app
    raise exc
  File "/usr/local/lib/python3.9/site-packages/starlette/_exception_handler.py", line 42, in wrapped_app
    await app(scope, receive, sender)
  File "/usr/local/lib/python3.9/site-packages/starlette/routing.py", line 714, in __call__
    await self.middleware_stack(scope, receive, send)
  File "/usr/local/lib/python3.9/site-packages/starlette/routing.py", line 734, in app
    await route.handle(scope, receive, send)
  File "/usr/local/lib/python3.9/site-packages/starlette/routing.py", line 288, in handle
    await self.app(scope, receive, send)
  File "/usr/local/lib/python3.9/site-packages/starlette/routing.py", line 76, in app
    await wrap_app_handling_exceptions(app, request)(scope, receive, send)
  File "/usr/local/lib/python3.9/site-packages/starlette/_exception_handler.py", line 53, in wrapped_app
    raise exc
  File "/usr/local/lib/python3.9/site-packages/starlette/_exception_handler.py", line 42, in wrapped_app
    await app(scope, receive, sender)
  File "/usr/local/lib/python3.9/site-packages/starlette/routing.py", line 73, in app
    response = await f(request)
  File "/usr/local/lib/python3.9/site-packages/fastapi/routing.py", line 301, in app
    raw_response = await run_endpoint_function(
  File "/usr/local/lib/python3.9/site-packages/fastapi/routing.py", line 212, in run_endpoint_function
    return await dependant.call(**values)
  File "/app/api.py", line 52, in compare_images
    return JSONResponse(content={"is_different": is_different})
  File "/usr/local/lib/python3.9/site-packages/starlette/responses.py", line 182, in __init__
    super().__init__(content, status_code, headers, media_type, background)
  File "/usr/local/lib/python3.9/site-packages/starlette/responses.py", line 45, in __init__
    self.body = self.render(content)
  File "/usr/local/lib/python3.9/site-packages/starlette/responses.py", line 185, in render
    return json.dumps(
  File "/usr/local/lib/python3.9/json/__init__.py", line 234, in dumps
    return cls(
  File "/usr/local/lib/python3.9/json/encoder.py", line 199, in encode
    chunks = self.iterencode(o, _one_shot=True)
  File "/usr/local/lib/python3.9/json/encoder.py", line 257, in iterencode
    return _iterencode(o, 0)
  File "/usr/local/lib/python3.9/json/encoder.py", line 179, in default
    raise TypeError(f'Object of type {o.__class__.__name__} '
TypeError: Object of type bool is not JSON serializable
[2025-05-13 03:04:34,506.506] INFO [281473860259872] - 192.168.65.1:57788 - "POST /compare HTTP/1.1" 500
[2025-05-13 03:04:34,507.507] ERROR [281473860259872] - Exception in ASGI application
Traceback (most recent call last):
  File "/usr/local/lib/python3.9/site-packages/uvicorn/protocols/http/h11_impl.py", line 403, in run_asgi
    result = await app(  # type: ignore[func-returns-value]
  File "/usr/local/lib/python3.9/site-packages/uvicorn/middleware/proxy_headers.py", line 60, in __call__
    return await self.app(scope, receive, send)
  File "/usr/local/lib/python3.9/site-packages/fastapi/applications.py", line 1054, in __call__
    await super().__call__(scope, receive, send)
  File "/usr/local/lib/python3.9/site-packages/starlette/applications.py", line 112, in __call__
    await self.middleware_stack(scope, receive, send)
  File "/usr/local/lib/python3.9/site-packages/starlette/middleware/errors.py", line 187, in __call__
    raise exc
  File "/usr/local/lib/python3.9/site-packages/starlette/middleware/errors.py", line 165, in __call__
    await self.app(scope, receive, _send)
  File "/usr/local/lib/python3.9/site-packages/starlette/middleware/exceptions.py", line 62, in __call__
    await wrap_app_handling_exceptions(self.app, conn)(scope, receive, send)
  File "/usr/local/lib/python3.9/site-packages/starlette/_exception_handler.py", line 53, in wrapped_app
    raise exc
  File "/usr/local/lib/python3.9/site-packages/starlette/_exception_handler.py", line 42, in wrapped_app
    await app(scope, receive, sender)
  File "/usr/local/lib/python3.9/site-packages/starlette/routing.py", line 714, in __call__
    await self.middleware_stack(scope, receive, send)
  File "/usr/local/lib/python3.9/site-packages/starlette/routing.py", line 734, in app
    await route.handle(scope, receive, send)
  File "/usr/local/lib/python3.9/site-packages/starlette/routing.py", line 288, in handle
    await self.app(scope, receive, send)
  File "/usr/local/lib/python3.9/site-packages/starlette/routing.py", line 76, in app
    await wrap_app_handling_exceptions(app, request)(scope, receive, send)
  File "/usr/local/lib/python3.9/site-packages/starlette/_exception_handler.py", line 53, in wrapped_app
    raise exc
  File "/usr/local/lib/python3.9/site-packages/starlette/_exception_handler.py", line 42, in wrapped_app
    await app(scope, receive, sender)
  File "/usr/local/lib/python3.9/site-packages/starlette/routing.py", line 73, in app
    response = await f(request)
  File "/usr/local/lib/python3.9/site-packages/fastapi/routing.py", line 301, in app
    raw_response = await run_endpoint_function(
  File "/usr/local/lib/python3.9/site-packages/fastapi/routing.py", line 212, in run_endpoint_function
    return await dependant.call(**values)
  File "/app/api.py", line 52, in compare_images
    return JSONResponse(content={"is_different": is_different})
  File "/usr/local/lib/python3.9/site-packages/starlette/responses.py", line 182, in __init__
    super().__init__(content, status_code, headers, media_type, background)
  File "/usr/local/lib/python3.9/site-packages/starlette/responses.py", line 45, in __init__
    self.body = self.render(content)
  File "/usr/local/lib/python3.9/site-packages/starlette/responses.py", line 185, in render
    return json.dumps(
  File "/usr/local/lib/python3.9/json/__init__.py", line 234, in dumps
    return cls(
  File "/usr/local/lib/python3.9/json/encoder.py", line 199, in encode
    chunks = self.iterencode(o, _one_shot=True)
  File "/usr/local/lib/python3.9/json/encoder.py", line 257, in iterencode
    return _iterencode(o, 0)
  File "/usr/local/lib/python3.9/json/encoder.py", line 179, in default
    raise TypeError(f'Object of type {o.__class__.__name__} '
TypeError: Object of type bool is not JSON serializable
[2025-05-13 03:06:31,386.386] INFO [281473860259872] - Shutting down
[2025-05-13 03:06:31,496.496] INFO [281473860259872] - Waiting for application shutdown.
[2025-05-13 03:06:31,498.498] INFO [281473860259872] - Application shutdown complete.
[2025-05-13 03:06:31,499.499] INFO [281473860259872] - Finished server process [1]
[2025-05-13 03:07:31,530.530] INFO [281472902447136] - Started server process [1]
[2025-05-13 03:07:31,531.531] INFO [281472902447136] - Waiting for application startup.
[2025-05-13 03:07:31,533.533] INFO [281472902447136] - Application startup complete.
[2025-05-13 03:07:31,534.534] INFO [281472902447136] - Uvicorn running on http://0.0.0.0:8081 (Press CTRL+C to quit)
[2025-05-13 03:07:34,319.319] INFO [281472902447136] - 192.168.65.1:42981 - "POST /compare HTTP/1.1" 200
[2025-05-13 03:08:49,339.339] INFO [281472902447136] - Shutting down
[2025-05-13 03:08:49,444.444] INFO [281472902447136] - Waiting for application shutdown.
[2025-05-13 03:08:49,445.445] INFO [281472902447136] - Application shutdown complete.
[2025-05-13 03:08:49,446.446] INFO [281472902447136] - Finished server process [1]
